[info] Adding {SRC_PATH}
[info] Cloning...
[info] Copying to {DEST_PATH}
[info] Done!
