error: The following required arguments were not provided:
    <REPO>

USAGE:
    dots add [FLAGS] <REPO>

For more information try --help
