
[example_dot]
✔ shell/bashrc => ~/.bashrc
✔ shell/zshrc => ~/.zshrc

