example_dot => {FIXTURE1_PATH}
example_dot_with_directory => {FIXTURE2_PATH}