error: The following required arguments were not provided:
    <DOT>

USAGE:
    dots path <DOT>

For more information try --help
